
main.js
----------------
alpha.js
sub/betaSub.js
beta.js
main.js
