<!DOCTYPE html>
<html>
    <head>
        <title>Grunt test</title>
        <link rel="stylesheet" href="css/07d0750b.app.css">

        <script src="js/ad0a1fd9.head.js"></script>
    </head>
    <body>

        <script src="js/7d1bdffe.app.js"></script>
    </body>
</html>